
Running 1 test using 1 worker

[1A[2K[1/1] [chromium] › tests/checkout-guest-address.spec.ts:81:5 › Guest Checkout - Address Selection › should allow a guest to select an address and see the delivery zone
[1A[2K  1) [chromium] › tests/checkout-guest-address.spec.ts:81:5 › Guest Checkout - Address Selection › should allow a guest to select an address and see the delivery zone 

    Test was interrupted.

    Error: locator.click: Test ended.
    Call log:
    [2m  - waiting for getByTestId('add-to-cart-button').first()[22m


      83 |
      84 |         // Add item to cart
    > 85 |         await page.getByTestId('add-to-cart-button').first().click();
         |                                                              ^
      86 |
      87 |         // Go to cart
      88 |         await page.goto('/cart');
        at /Users/ppmtrue/Documents/GitHub/sushidemaksim/tests/checkout-guest-address.spec.ts:85:62

    attachment #1: screenshot (image/png) ──────────────────────────────────────────────────────────
    test-results/checkout-guest-address-Gue-0f2ea-s-and-see-the-delivery-zone-chromium/test-failed-1.png
    ────────────────────────────────────────────────────────────────────────────────────────────────

    attachment #2: trace (application/zip) ─────────────────────────────────────────────────────────
    test-results/checkout-guest-address-Gue-0f2ea-s-and-see-the-delivery-zone-chromium/trace.zip
    Usage:

        npx playwright show-trace test-results/checkout-guest-address-Gue-0f2ea-s-and-see-the-delivery-zone-chromium/trace.zip

    ────────────────────────────────────────────────────────────────────────────────────────────────


[1A[2K  1 interrupted
    [chromium] › tests/checkout-guest-address.spec.ts:81:5 › Guest Checkout - Address Selection › should allow a guest to select an address and see the delivery zone 

To open last HTML report run:
[36m[39m
[36m  npx playwright show-report[39m
[36m[39m
